[0.010s][info][gc] Using Serial
[2.552s][info][gc] GC(0) Pause Young (Allocation Failure) 3M->1M(11M) 10.645ms
[2.729s][info][gc] GC(1) Pause Young (Allocation Failure) 5M->2M(11M) 6.830ms
[2.987s][info][gc] GC(2) Pause Young (Allocation Failure) 5M->3M(11M) 3.982ms
[3.100s][info][gc] GC(3) Pause Young (Allocation Failure) 6M->3M(11M) 1.479ms
[6.833s][info][gc] GC(4) Pause Young (Allocation Failure) 6M->3M(11M) 1.240ms
[7.095s][info][gc] GC(5) Pause Young (Allocation Failure) 6M->4M(11M) 3.981ms
[21.274s][info][gc] GC(6) Pause Young (Allocation Failure) 7M->4M(11M) 14.229ms
[48.444s][info][gc] GC(7) Pause Young (Allocation Failure) 7M->4M(11M) 16.682ms
[72.457s][info][gc] GC(8) Pause Young (Allocation Failure) 7M->4M(11M) 6.989ms
[81.420s][info][gc] GC(9) Pause Young (Allocation Failure) 7M->4M(11M) 4.267ms
[105.672s][info][gc] GC(10) Pause Young (Allocation Failure) 7M->4M(11M) 9.714ms
[129.398s][info][gc] GC(11) Pause Young (Allocation Failure) 6M->4M(11M) 4.437ms
[148.885s][info][gc] GC(12) Pause Young (Allocation Failure) 7M->5M(11M) 12.765ms
[176.978s][info][gc] GC(13) Pause Young (Allocation Failure) 8M->5M(11M) 9.537ms
[205.082s][info][gc] GC(14) Pause Young (Allocation Failure) 8M->5M(11M) 10.736ms
[232.200s][info][gc] GC(15) Pause Young (Allocation Failure) 8M->5M(11M) 2.845ms
[241.089s][info][gc] GC(16) Pause Young (Allocation Failure) 8M->6M(11M) 5.341ms
[241.116s][info][gc] GC(17) Pause Young (Allocation Failure) 9M->6M(11M) 1.428ms
[241.125s][info][gc] GC(18) Pause Young (Allocation Failure) 9M->6M(11M) 1.217ms
[241.129s][info][gc] GC(19) Pause Young (Allocation Failure) 9M->6M(11M) 0.292ms
[241.135s][info][gc] GC(20) Pause Young (Allocation Failure) 9M->6M(11M) 0.406ms
[241.139s][info][gc] GC(21) Pause Young (Allocation Failure) 10M->10M(11M) 0.031ms
[241.228s][info][gc] GC(22) Pause Full (Allocation Failure) 10M->6M(11M) 89.089ms
[241.241s][info][gc] GC(23) Pause Young (Allocation Failure) 9M->6M(11M) 1.257ms
[241.253s][info][gc] GC(24) Pause Young (Allocation Failure) 10M->7M(11M) 0.542ms
[241.277s][info][gc] GC(25) Pause Young (Allocation Failure) 10M->6M(11M) 0.644ms
[268.321s][info][gc] GC(26) Pause Young (Allocation Failure) 10M->6M(11M) 12.333ms
[295.422s][info][gc] GC(27) Pause Young (Allocation Failure) 10M->6M(11M) 3.456ms
[323.496s][info][gc] GC(28) Pause Young (Allocation Failure) 10M->6M(11M) 5.955ms
[350.679s][info][gc] GC(29) Pause Young (Allocation Failure) 10M->6M(11M) 5.143ms
[378.731s][info][gc] GC(30) Pause Young (Allocation Failure) 10M->6M(11M) 4.764ms
[402.039s][info][gc] GC(31) Pause Young (Allocation Failure) 10M->7M(11M) 5.779ms
[403.439s][info][gc] GC(32) Pause Young (Allocation Failure) 10M->7M(11M) 3.332ms
[404.837s][info][gc] GC(33) Pause Young (Allocation Failure) 10M->7M(11M) 3.260ms
[406.242s][info][gc] GC(34) Pause Young (Allocation Failure) 10M->7M(11M) 5.291ms
[407.637s][info][gc] GC(35) Pause Young (Allocation Failure) 10M->6M(11M) 3.588ms
[408.855s][info][gc] GC(36) Pause Young (Allocation Failure) 10M->6M(11M) 6.502ms
[410.139s][info][gc] GC(37) Pause Young (Allocation Failure) 10M->7M(11M) 3.930ms
[411.441s][info][gc] GC(38) Pause Young (Allocation Failure) 10M->7M(11M) 5.141ms
[412.740s][info][gc] GC(39) Pause Young (Allocation Failure) 10M->7M(11M) 4.313ms
[414.039s][info][gc] GC(40) Pause Young (Allocation Failure) 10M->7M(11M) 4.385ms
[415.345s][info][gc] GC(41) Pause Young (Allocation Failure) 10M->7M(11M) 4.672ms
[416.634s][info][gc] GC(42) Pause Young (Allocation Failure) 10M->7M(11M) 1.357ms
[417.941s][info][gc] GC(43) Pause Young (Allocation Failure) 10M->6M(11M) 6.089ms
[419.140s][info][gc] GC(44) Pause Young (Allocation Failure) 10M->7M(11M) 3.654ms
[420.435s][info][gc] GC(45) Pause Young (Allocation Failure) 10M->7M(11M) 3.043ms
[421.739s][info][gc] GC(46) Pause Young (Allocation Failure) 10M->7M(11M) 2.971ms
[423.044s][info][gc] GC(47) Pause Young (Allocation Failure) 10M->7M(11M) 5.934ms
[424.339s][info][gc] GC(48) Pause Young (Allocation Failure) 10M->7M(11M) 4.128ms
[425.638s][info][gc] GC(49) Pause Young (Allocation Failure) 10M->7M(11M) 3.065ms
[430.720s][info][gc] GC(50) Pause Young (Allocation Failure) 10M->6M(11M) 13.119ms
[444.993s][info][gc] GC(51) Pause Young (Allocation Failure) 10M->6M(11M) 1.016ms
[457.437s][info][gc] GC(52) Pause Young (Allocation Failure) 10M->7M(11M) 3.098ms
[458.844s][info][gc] GC(53) Pause Young (Allocation Failure) 10M->7M(11M) 5.519ms
[460.144s][info][gc] GC(54) Pause Young (Allocation Failure) 10M->7M(11M) 4.721ms
[461.543s][info][gc] GC(55) Pause Young (Allocation Failure) 10M->7M(11M) 5.339ms
[462.937s][info][gc] GC(56) Pause Young (Allocation Failure) 10M->6M(11M) 3.191ms
[467.101s][info][gc] GC(57) Pause Young (Allocation Failure) 10M->6M(11M) 3.018ms
[495.284s][info][gc] GC(58) Pause Young (Allocation Failure) 10M->6M(11M) 5.400ms
[524.307s][info][gc] GC(59) Pause Young (Allocation Failure) 10M->7M(11M) 18.971ms
[544.474s][info][gc] GC(60) Pause Young (Allocation Failure) 10M->7M(11M) 5.127ms
[574.446s][info][gc] GC(61) Pause Young (Allocation Failure) 11M->11M(11M) 0.065ms
[574.536s][info][gc] GC(62) Pause Full (Allocation Failure) 11M->5M(11M) 89.552ms
[603.706s][info][gc] GC(63) Pause Young (Allocation Failure) 9M->5M(11M) 1.232ms
[632.661s][info][gc] GC(64) Pause Young (Allocation Failure) 9M->6M(11M) 7.197ms
[662.750s][info][gc] GC(65) Pause Young (Allocation Failure) 9M->6M(11M) 6.617ms

Как читать лог:
[Время старта приложения = 360,587s]

[Уровень сообщения = info]

[Тег = gc]

[Тип GC = Pause Young]

[Причина запуска GC = Allocation Failure]

[Информация о потреблении памяти : "занято до GC" = 8M -> "занято после GC" = 5M (Размер кучи = 11M)]

[Общее время GC = 0,523ms]

